Found PERIPHBASE 0xf0000000
Creating GIC driver @ 0xf0000000 / 0xf0100000
Calling git.setup(0)
Configure Timer Interrupt...
Enabling interrupts...
Sctlr { ie: false, te: false, nmfi: false, ee: false, u: true, fi: false, dz: true, br: false, rr: false, v: false, i: false, z: true, sw: false, c: false, a: false, m: false }
Sctlr { ie: false, te: false, nmfi: false, ee: false, u: true, fi: false, dz: true, br: false, rr: false, v: false, i: false, z: true, sw: false, c: false, a: false, m: false }
  > IRQ
    - Timer fired, resetting
  < IRQ
Main loop wake up 0
  > IRQ
    - Timer fired, resetting
  < IRQ
Main loop wake up 1
  > IRQ
    - Timer fired, resetting
  < IRQ
Main loop wake up 2
  > IRQ
    - Timer fired, resetting
  < IRQ
Main loop wake up 3
  > IRQ
    - Timer fired, resetting
  < IRQ
Main loop wake up 4
  > IRQ
    - Timer fired, resetting
  < IRQ
Main loop wake up 5
  > IRQ
    - Timer fired, resetting
  < IRQ
Main loop wake up 6
  > IRQ
    - Timer fired, resetting
  < IRQ
Main loop wake up 7
  > IRQ
    - Timer fired, resetting
  < IRQ
Main loop wake up 8
  > IRQ
    - Timer fired, resetting
  < IRQ
Main loop wake up 9
Timer IRQ test completed OK
